Archive member included to satisfy reference by file (symbol)

E:/ST_IDE/STide/STM32CubeIDE_1.14.1/STM32CubeIDE/plugins/com.st.stm32cube.ide.mcu.externaltools.gnu-tools-for-stm32.11.3.rel1.win32_1.1.100.202309141235/tools/bin/../lib/gcc/arm-none-eabi/11.3.1/../../../../arm-none-eabi/lib/thumb/v7-m/nofp\libc_nano.a(libc_a-exit.o)
                              E:/ST_IDE/STide/STM32CubeIDE_1.14.1/STM32CubeIDE/plugins/com.st.stm32cube.ide.mcu.externaltools.gnu-tools-for-stm32.11.3.rel1.win32_1.1.100.202309141235/tools/bin/../lib/gcc/arm-none-eabi/11.3.1/../../../../arm-none-eabi/lib/thumb/v7-m/nofp/crt0.o (exit)
E:/ST_IDE/STide/STM32CubeIDE_1.14.1/STM32CubeIDE/plugins/com.st.stm32cube.ide.mcu.externaltools.gnu-tools-for-stm32.11.3.rel1.win32_1.1.100.202309141235/tools/bin/../lib/gcc/arm-none-eabi/11.3.1/../../../../arm-none-eabi/lib/thumb/v7-m/nofp\libc_nano.a(libc_a-findfp.o)
                              E:/ST_IDE/STide/STM32CubeIDE_1.14.1/STM32CubeIDE/plugins/com.st.stm32cube.ide.mcu.externaltools.gnu-tools-for-stm32.11.3.rel1.win32_1.1.100.202309141235/tools/bin/../lib/gcc/arm-none-eabi/11.3.1/../../../../arm-none-eabi/lib/thumb/v7-m/nofp\libc_nano.a(libc_a-exit.o) (__stdio_exit_handler)
E:/ST_IDE/STide/STM32CubeIDE_1.14.1/STM32CubeIDE/plugins/com.st.stm32cube.ide.mcu.externaltools.gnu-tools-for-stm32.11.3.rel1.win32_1.1.100.202309141235/tools/bin/../lib/gcc/arm-none-eabi/11.3.1/../../../../arm-none-eabi/lib/thumb/v7-m/nofp\libc_nano.a(libc_a-fwalk.o)
                              E:/ST_IDE/STide/STM32CubeIDE_1.14.1/STM32CubeIDE/plugins/com.st.stm32cube.ide.mcu.externaltools.gnu-tools-for-stm32.11.3.rel1.win32_1.1.100.202309141235/tools/bin/../lib/gcc/arm-none-eabi/11.3.1/../../../../arm-none-eabi/lib/thumb/v7-m/nofp\libc_nano.a(libc_a-findfp.o) (_fwalk_sglue)
E:/ST_IDE/STide/STM32CubeIDE_1.14.1/STM32CubeIDE/plugins/com.st.stm32cube.ide.mcu.externaltools.gnu-tools-for-stm32.11.3.rel1.win32_1.1.100.202309141235/tools/bin/../lib/gcc/arm-none-eabi/11.3.1/../../../../arm-none-eabi/lib/thumb/v7-m/nofp\libc_nano.a(libc_a-stdio.o)
                              E:/ST_IDE/STide/STM32CubeIDE_1.14.1/STM32CubeIDE/plugins/com.st.stm32cube.ide.mcu.externaltools.gnu-tools-for-stm32.11.3.rel1.win32_1.1.100.202309141235/tools/bin/../lib/gcc/arm-none-eabi/11.3.1/../../../../arm-none-eabi/lib/thumb/v7-m/nofp\libc_nano.a(libc_a-findfp.o) (__sread)
E:/ST_IDE/STide/STM32CubeIDE_1.14.1/STM32CubeIDE/plugins/com.st.stm32cube.ide.mcu.externaltools.gnu-tools-for-stm32.11.3.rel1.win32_1.1.100.202309141235/tools/bin/../lib/gcc/arm-none-eabi/11.3.1/../../../../arm-none-eabi/lib/thumb/v7-m/nofp\libc_nano.a(libc_a-memset.o)
                              E:/ST_IDE/STide/STM32CubeIDE_1.14.1/STM32CubeIDE/plugins/com.st.stm32cube.ide.mcu.externaltools.gnu-tools-for-stm32.11.3.rel1.win32_1.1.100.202309141235/tools/bin/../lib/gcc/arm-none-eabi/11.3.1/../../../../arm-none-eabi/lib/thumb/v7-m/nofp/crt0.o (memset)
E:/ST_IDE/STide/STM32CubeIDE_1.14.1/STM32CubeIDE/plugins/com.st.stm32cube.ide.mcu.externaltools.gnu-tools-for-stm32.11.3.rel1.win32_1.1.100.202309141235/tools/bin/../lib/gcc/arm-none-eabi/11.3.1/../../../../arm-none-eabi/lib/thumb/v7-m/nofp\libc_nano.a(libc_a-closer.o)
                              E:/ST_IDE/STide/STM32CubeIDE_1.14.1/STM32CubeIDE/plugins/com.st.stm32cube.ide.mcu.externaltools.gnu-tools-for-stm32.11.3.rel1.win32_1.1.100.202309141235/tools/bin/../lib/gcc/arm-none-eabi/11.3.1/../../../../arm-none-eabi/lib/thumb/v7-m/nofp\libc_nano.a(libc_a-stdio.o) (_close_r)
E:/ST_IDE/STide/STM32CubeIDE_1.14.1/STM32CubeIDE/plugins/com.st.stm32cube.ide.mcu.externaltools.gnu-tools-for-stm32.11.3.rel1.win32_1.1.100.202309141235/tools/bin/../lib/gcc/arm-none-eabi/11.3.1/../../../../arm-none-eabi/lib/thumb/v7-m/nofp\libc_nano.a(libc_a-reent.o)
                              E:/ST_IDE/STide/STM32CubeIDE_1.14.1/STM32CubeIDE/plugins/com.st.stm32cube.ide.mcu.externaltools.gnu-tools-for-stm32.11.3.rel1.win32_1.1.100.202309141235/tools/bin/../lib/gcc/arm-none-eabi/11.3.1/../../../../arm-none-eabi/lib/thumb/v7-m/nofp\libc_nano.a(libc_a-closer.o) (errno)
E:/ST_IDE/STide/STM32CubeIDE_1.14.1/STM32CubeIDE/plugins/com.st.stm32cube.ide.mcu.externaltools.gnu-tools-for-stm32.11.3.rel1.win32_1.1.100.202309141235/tools/bin/../lib/gcc/arm-none-eabi/11.3.1/../../../../arm-none-eabi/lib/thumb/v7-m/nofp\libc_nano.a(libc_a-impure.o)
                              E:/ST_IDE/STide/STM32CubeIDE_1.14.1/STM32CubeIDE/plugins/com.st.stm32cube.ide.mcu.externaltools.gnu-tools-for-stm32.11.3.rel1.win32_1.1.100.202309141235/tools/bin/../lib/gcc/arm-none-eabi/11.3.1/../../../../arm-none-eabi/lib/thumb/v7-m/nofp\libc_nano.a(libc_a-reent.o) (_impure_ptr)
E:/ST_IDE/STide/STM32CubeIDE_1.14.1/STM32CubeIDE/plugins/com.st.stm32cube.ide.mcu.externaltools.gnu-tools-for-stm32.11.3.rel1.win32_1.1.100.202309141235/tools/bin/../lib/gcc/arm-none-eabi/11.3.1/../../../../arm-none-eabi/lib/thumb/v7-m/nofp\libc_nano.a(libc_a-lseekr.o)
[...]
Memory Configuration

Name             Origin             Length             Attributes
RAM              0x0000000020000000 0x0000000000005000 xrw
FLASH            0x0000000008000000 0x0000000000010000 xr
*default*        0x0000000000000000 0xffffffffffffffff

Linker script and memory map

LOAD E:/ST_IDE/STide/STM32CubeIDE_1.14.1/STM32CubeIDE/plugins/com.st.stm32cube.ide.mcu.externaltools.gnu-tools-for-stm32.11.3.rel1.win32_1.1.100.202309141235/tools/bin/../lib/gcc/arm-none-eabi/11.3.1/thumb/v7-m/nofp/crti.o
LOAD E:/ST_IDE/STide/STM32CubeIDE_1.14.1/STM32CubeIDE/plugins/com.st.stm32cube.ide.mcu.externaltools.gnu-tools-for-stm32.11.3.rel1.win32_1.1.100.202309141235/tools/bin/../lib/gcc/arm-none-eabi/11.3.1/thumb/v7-m/nofp/crtbegin.o
LOAD E:/ST_IDE/STide/STM32CubeIDE_1.14.1/STM32CubeIDE/plugins/com.st.stm32cube.ide.mcu.externaltools.gnu-tools-for-stm32.11.3.rel1.win32_1.1.100.202309141235/tools/bin/../lib/gcc/arm-none-eabi/11.3.1/../../../../arm-none-eabi/lib/thumb/v7-m/nofp/crt0.o
LOAD ./Core/Src/SH1106.o
LOAD ./Core/Src/fonts.o
LOAD ./Core/Src/main.o
LOAD ./Core/Src/rcc522.o
LOAD ./Core/Src/stm32f1xx_hal_msp.o
LOAD ./Core/Src/stm32f1xx_it.o
LOAD ./Core/Src/syscalls.o
LOAD ./Core/Src/sysmem.o
LOAD ./Core/Src/system_stm32f1xx.o
LOAD ./Core/Startup/startup_stm32f103c8tx.o
LOAD ./Drivers/STM32F1xx_HAL_Driver/Src/stm32f1xx_hal.o
LOAD ./Drivers/STM32F1xx_HAL_Driver/Src/stm32f1xx_hal_cortex.o
LOAD ./Drivers/STM32F1xx_HAL_Driver/Src/stm32f1xx_hal_dma.o
LOAD ./Drivers/STM32F1xx_HAL_Driver/Src/stm32f1xx_hal_exti.o
LOAD ./Drivers/STM32F1xx_HAL_Driver/Src/stm32f1xx_hal_flash.o
LOAD ./Drivers/STM32F1xx_HAL_Driver/Src/stm32f1xx_hal_flash_ex.o
LOAD ./Drivers/STM32F1xx_HAL_Driver/Src/stm32f1xx_hal_gpio.o
LOAD ./Drivers/STM32F1xx_HAL_Driver/Src/stm32f1xx_hal_gpio_ex.o
LOAD ./Drivers/STM32F1xx_HAL_Driver/Src/stm32f1xx_hal_i2c.o
LOAD ./Drivers/STM32F1xx_HAL_Driver/Src/stm32f1xx_hal_pwr.o
LOAD ./Drivers/STM32F1xx_HAL_Driver/Src/stm32f1xx_hal_rcc.o
LOAD ./Drivers/STM32F1xx_HAL_Driver/Src/stm32f1xx_hal_rcc_ex.o
LOAD ./Drivers/STM32F1xx_HAL_Driver/Src/stm32f1xx_hal_spi.o
LOAD ./Drivers/STM32F1xx_HAL_Driver/Src/stm32f1xx_hal_tim.o
LOAD ./Drivers/STM32F1xx_HAL_Driver/Src/stm32f1xx_hal_tim_ex.o
START GROUP
LOAD E:/ST_IDE/STide/STM32CubeIDE_1.14.1/STM32CubeIDE/plugins/com.st.stm32cube.ide.mcu.externaltools.gnu-tools-for-stm32.11.3.rel1.win32_1.1.100.202309141235/tools/bin/../lib/gcc/arm-none-eabi/11.3.1/../../../../arm-none-eabi/lib/thumb/v7-m/nofp\libc_nano.a
LOAD E:/ST_IDE/STide/STM32CubeIDE_1.14.1/STM32CubeIDE/plugins/com.st.stm32cube.ide.mcu.externaltools.gnu-tools-for-stm32.11.3.rel1.win32_1.1.100.202309141235/tools/bin/../lib/gcc/arm-none-eabi/11.3.1/../../../../arm-none-eabi/lib/thumb/v7-m/nofp\libm.a
END GROUP
START GROUP
LOAD E:/ST_IDE/STide/STM32CubeIDE_1.14.1/STM32CubeIDE/plugins/com.st.stm32cube.ide.mcu.externaltools.gnu-tools-for-stm32.11.3.rel1.win32_1.1.100.202309141235/tools/bin/../lib/gcc/arm-none-eabi/11.3.1/thumb/v7-m/nofp\libgcc.a
LOAD E:/ST_IDE/STide/STM32CubeIDE_1.14.1/STM32CubeIDE/plugins/com.st.stm32cube.ide.mcu.externaltools.gnu-tools-for-stm32.11.3.rel1.win32_1.1.100.202309141235/tools/bin/../lib/gcc/arm-none-eabi/11.3.1/../../../../arm-none-eabi/lib/thumb/v7-m/nofp\libc_nano.a
END GROUP
START GROUP
LOAD E:/ST_IDE/STide/STM32CubeIDE_1.14.1/STM32CubeIDE/plugins/com.st.stm32cube.ide.mcu.externaltools.gnu-tools-for-stm32.11.3.rel1.win32_1.1.100.202309141235/tools/bin/../lib/gcc/arm-none-eabi/11.3.1/thumb/v7-m/nofp\libgcc.a
LOAD E:/ST_IDE/STide/STM32CubeIDE_1.14.1/STM32CubeIDE/plugins/com.st.stm32cube.ide.mcu.externaltools.gnu-tools-for-stm32.11.3.rel1.win32_1.1.100.202309141235/tools/bin/../lib/gcc/arm-none-eabi/11.3.1/../../../../arm-none-eabi/lib/thumb/v7-m/nofp\libc_nano.a
LOAD E:/ST_IDE/STide/STM32CubeIDE_1.14.1/STM32CubeIDE/plugins/com.st.stm32cube.ide.mcu.externaltools.gnu-tools-for-stm32.11.3.rel1.win32_1.1.100.202309141235/tools/bin/../lib/gcc/arm-none-eabi/11.3.1/../../../../arm-none-eabi/lib/thumb/v7-m/nofp\libnosys.a
END GROUP
START GROUP
LOAD E:/ST_IDE/STide/STM32CubeIDE_1.14.1/STM32CubeIDE/plugins/com.st.stm32cube.ide.mcu.externaltools.gnu-tools-for-stm32.11.3.rel1.win32_1.1.100.202309141235/tools/bin/../lib/gcc/arm-none-eabi/11.3.1/thumb/v7-m/nofp\libgcc.a
LOAD E:/ST_IDE/STide/STM32CubeIDE_1.14.1/STM32CubeIDE/plugins/com.st.stm32cube.ide.mcu.externaltools.gnu-tools-for-stm32.11.3.rel1.win32_1.1.100.202309141235/tools/bin/../lib/gcc/arm-none-eabi/11.3.1/../../../../arm-none-eabi/lib/thumb/v7-m/nofp\libc_nano.a
LOAD E:/ST_IDE/STide/STM32CubeIDE_1.14.1/STM32CubeIDE/plugins/com.st.stm32cube.ide.mcu.externaltools.gnu-tools-for-stm32.11.3.rel1.win32_1.1.100.202309141235/tools/bin/../lib/gcc/arm-none-eabi/11.3.1/../../../../arm-none-eabi/lib/thumb/v7-m/nofp\libnosys.a
END GROUP
LOAD E:/ST_IDE/STide/STM32CubeIDE_1.14.1/STM32CubeIDE/plugins/com.st.stm32cube.ide.mcu.externaltools.gnu-tools-for-stm32.11.3.rel1.win32_1.1.100.202309141235/tools/bin/../lib/gcc/arm-none-eabi/11.3.1/thumb/v7-m/nofp/crtend.o
LOAD E:/ST_IDE/STide/STM32CubeIDE_1.14.1/STM32CubeIDE/plugins/com.st.stm32cube.ide.mcu.externaltools.gnu-tools-for-stm32.11.3.rel1.win32_1.1.100.202309141235/tools/bin/../lib/gcc/arm-none-eabi/11.3.1/thumb/v7-m/nofp/crtn.o
                0x0000000020005000                _estack = (ORIGIN (RAM) + LENGTH (RAM))
                0x0000000000000200                _Min_Heap_Size = 0x200
                0x0000000000000400                _Min_Stack_Size = 0x400

.isr_vector     0x0000000008000000      0x10c
                0x0000000008000000                . = ALIGN (0x4)
 *(.isr_vector)
 .isr_vector    0x0000000008000000      0x10c ./Core/Startup/startup_stm32f103c8tx.o
                0x0000000008000000                g_pfnVectors
                0x000000000800010c                . = ALIGN (0x4)

.text           0x000000000800010c     0x3528
                0x000000000800010c                . = ALIGN (0x4)
 *(.text)
 .text          0x000000000800010c       0x40 E:/ST_IDE/STide/STM32CubeIDE_1.14.1/STM32CubeIDE/plugins/com.st.stm32cube.ide.mcu.externaltools.gnu-tools-for-stm32.11.3.rel1.win32_1.1.100.202309141235/tools/bin/../lib/gcc/arm-none-eabi/11.3.1/thumb/v7-m/nofp/crtbegin.o
 .text          0x000000000800014c       0x14 E:/ST_IDE/STide/STM32CubeIDE_1.14.1/STM32CubeIDE/plugins/com.st.stm32cube.ide.mcu.externaltools.gnu-tools-for-stm32.11.3.rel1.win32_1.1.100.202309141235/tools/bin/../lib/gcc/arm-none-eabi/11.3.1/../../../../arm-none-eabi/lib/thumb/v7-m/nofp\libc_nano.a(libc_a-strcmp.o)
                0x000000000800014c                strcmp
 *(.text*)
 .text.SH1106_Init
                0x0000000008000160      0x148 ./Core/Src/SH1106.o
                0x0000000008000160                SH1106_Init
 .text.SH1106_UpdateScreen
                0x00000000080002a8       0x5c ./Core/Src/SH1106.o
                0x00000000080002a8                SH1106_UpdateScreen
 .text.SH1106_Fill
                0x0000000008000304       0x30 ./Core/Src/SH1106.o
                0x0000000008000304                SH1106_Fill
 .text.SH1106_DrawPixel
                0x0000000008000334       0xbc ./Core/Src/SH1106.o
                0x0000000008000334                SH1106_DrawPixel
 .text.SH1106_GotoXY
                0x00000000080003f0       0x2c ./Core/Src/SH1106.o
                0x00000000080003f0                SH1106_GotoXY
 .text.SH1106_Putc
                0x000000000800041c      0x100 ./Core/Src/SH1106.o
                0x000000000800041c                SH1106_Putc
 .text.SH1106_Puts
                0x000000000800051c       0x4a ./Core/Src/SH1106.o
                0x000000000800051c                SH1106_Puts
 *fill*         0x0000000008000566        0x2 
 .text.SH1106_I2C_WriteMulti
                0x0000000008000568       0xcc ./Core/Src/SH1106.o
                0x0000000008000568                SH1106_I2C_WriteMulti
 .text.SH1106_I2C_Write
                0x0000000008000634       0x3c ./Core/Src/SH1106.o
                0x0000000008000634                SH1106_I2C_Write
 .text.SH1106_DrawBitmap
                0x0000000008000670       0xd0 ./Core/Src/SH1106.o
                0x0000000008000670                SH1106_DrawBitmap
 .text.main     0x0000000008000740       0x2a ./Core/Src/main.o
                0x0000000008000740                main
 *fill*         0x000000000800076a        0x2 
 .text.CheckRFID
                0x000000000800076c       0x30 ./Core/Src/main.o
                0x000000000800076c                CheckRFID
 .text.SysTick_Init
                0x000000000800079c       0x48 ./Core/Src/main.o
                0x000000000800079c                SysTick_Init
 .text.SysTick_Start
                0x00000000080007e4       0x1c ./Core/Src/main.o
                0x00000000080007e4                SysTick_Start
 .text.SysTick_Handler
                0x0000000008000800       0x1c ./Core/Src/main.o
                0x0000000008000800                SysTick_Handler
 .text.ChooseStateMachineUpdate
                0x000000000800081c      0x46c ./Core/Src/main.o
                0x000000000800081c                ChooseStateMachineUpdate
 .text.SystemClock_Config
                0x0000000008000c88       0x8a ./Core/Src/main.o
                0x0000000008000c88                SystemClock_Config
 *fill*         0x0000000008000d12        0x2 
 .text.MX_I2C1_Init
                0x0000000008000d14       0x5c ./Core/Src/main.o
 .text.MX_SPI1_Init
                0x0000000008000d70       0x6c ./Core/Src/main.o
 .text.MX_GPIO_Init
                0x0000000008000ddc      0x124 ./Core/Src/main.o
 .text.Keypad_Scan
                0x0000000008000f00      0x11c ./Core/Src/main.o
                0x0000000008000f00                Keypad_Scan
 .text.Error_Handler
                0x000000000800101c        0xa ./Core/Src/main.o
                0x000000000800101c                Error_Handler
 *fill*         0x0000000008001026        0x2 
 .text.RC522_SPI_Transfer
                0x0000000008001028       0x2c ./Core/Src/rcc522.o
                0x0000000008001028                RC522_SPI_Transfer
 .text.Write_MFRC522
                0x0000000008001054       0x4c ./Core/Src/rcc522.o
                0x0000000008001054                Write_MFRC522
 .text.Read_MFRC522
                0x00000000080010a0       0x50 ./Core/Src/rcc522.o
                0x00000000080010a0                Read_MFRC522
 .text.SetBitMask
                0x00000000080010f0       0x36 ./Core/Src/rcc522.o
                0x00000000080010f0                SetBitMask
 .text.ClearBitMask
                0x0000000008001126       0x40 ./Core/Src/rcc522.o
                0x0000000008001126                ClearBitMask
 .text.AntennaOn
                0x0000000008001166       0x16 ./Core/Src/rcc522.o
                0x0000000008001166                AntennaOn
 .text.MFRC522_Reset
                0x000000000800117c       0x10 ./Core/Src/rcc522.o
                0x000000000800117c                MFRC522_Reset
 .text.MFRC522_Init
                0x000000000800118c       0x5c ./Core/Src/rcc522.o
                0x000000000800118c                MFRC522_Init
 .text.MFRC522_ToCard
                0x00000000080011e8      0x192 ./Core/Src/rcc522.o
                0x00000000080011e8                MFRC522_ToCard
 .text.MFRC522_Request
                0x000000000800137a       0x4a ./Core/Src/rcc522.o
                0x000000000800137a                MFRC522_Request
 .text.MFRC522_Anticoll
                0x00000000080013c4       0x7a ./Core/Src/rcc522.o
                0x00000000080013c4                MFRC522_Anticoll
 *fill*         0x000000000800143e        0x2 
 .text.HAL_MspInit
                0x0000000008001440       0x64 ./Core/Src/stm32f1xx_hal_msp.o
                0x0000000008001440                HAL_MspInit
 .text.HAL_I2C_MspInit
                0x00000000080014a4       0x7c ./Core/Src/stm32f1xx_hal_msp.o
                0x00000000080014a4                HAL_I2C_MspInit
 .text.HAL_SPI_MspInit
                0x0000000008001520       0x94 ./Core/Src/stm32f1xx_hal_msp.o
                0x0000000008001520                HAL_SPI_MspInit
 .text.NMI_Handler
                0x00000000080015b4        0x6 ./Core/Src/stm32f1xx_it.o
                0x00000000080015b4                NMI_Handler
 .text.HardFault_Handler
                0x00000000080015ba        0x6 ./Core/Src/stm32f1xx_it.o
                0x00000000080015ba                HardFault_Handler
 .text.MemManage_Handler
                0x00000000080015c0        0x6 ./Core/Src/stm32f1xx_it.o
                0x00000000080015c0                MemManage_Handler
 .text.BusFault_Handler
                0x00000000080015c6        0x6 ./Core/Src/stm32f1xx_it.o
                0x00000000080015c6                BusFault_Handler
 .text.UsageFault_Handler
                0x00000000080015cc        0x6 ./Core/Src/stm32f1xx_it.o
                0x00000000080015cc                UsageFault_Handler
 .text.SVC_Handler
                0x00000000080015d2        0xc ./Core/Src/stm32f1xx_it.o
                0x00000000080015d2                SVC_Handler
 .text.DebugMon_Handler
                0x00000000080015de        0xc ./Core/Src/stm32f1xx_it.o
                0x00000000080015de                DebugMon_Handler
 .text.PendSV_Handler
                0x00000000080015ea        0xc ./Core/Src/stm32f1xx_it.o
                0x00000000080015ea                PendSV_Handler
 .text.SystemInit
                0x00000000080015f6        0xc ./Core/Src/system_stm32f1xx.o
                0x00000000080015f6                SystemInit
 *fill*         0x0000000008001602        0x2 
 .text.Reset_Handler
                0x0000000008001604       0x48 ./Core/Startup/startup_stm32f103c8tx.o
                0x0000000008001604                Reset_Handler
 .text.Default_Handler
                0x000000000800164c        0x2 ./Core/Startup/startup_stm32f103c8tx.o
                0x000000000800164c                RTC_Alarm_IRQHandler
                0x000000000800164c                EXTI2_IRQHandler
                0x000000000800164c                TIM1_CC_IRQHandler
                0x000000000800164c                PVD_IRQHandler
                0x000000000800164c                EXTI3_IRQHandler
                0x000000000800164c                EXTI0_IRQHandler
                0x000000000800164c                I2C2_EV_IRQHandler
                0x000000000800164c                ADC1_2_IRQHandler
                0x000000000800164c                SPI1_IRQHandler
                0x000000000800164c                TAMPER_IRQHandler
                0x000000000800164c                DMA1_Channel4_IRQHandler
                0x000000000800164c                USART3_IRQHandler
                0x000000000800164c                RTC_IRQHandler
                0x000000000800164c                DMA1_Channel7_IRQHandler
                0x000000000800164c                CAN1_RX1_IRQHandler
                0x000000000800164c                TIM4_IRQHandler
                0x000000000800164c                I2C1_EV_IRQHandler
                0x000000000800164c                DMA1_Channel6_IRQHandler
                0x000000000800164c                TIM3_IRQHandler
                0x000000000800164c                RCC_IRQHandler
                0x000000000800164c                TIM1_TRG_COM_IRQHandler
                0x000000000800164c                DMA1_Channel1_IRQHandler
                0x000000000800164c                Default_Handler
                0x000000000800164c                EXTI15_10_IRQHandler
                0x000000000800164c                EXTI9_5_IRQHandler
                0x000000000800164c                SPI2_IRQHandler
                0x000000000800164c                DMA1_Channel5_IRQHandler
                0x000000000800164c                EXTI4_IRQHandler
                0x000000000800164c                USB_LP_CAN1_RX0_IRQHandler
                0x000000000800164c                USB_HP_CAN1_TX_IRQHandler
                0x000000000800164c                DMA1_Channel3_IRQHandler
                0x000000000800164c                TIM1_UP_IRQHandler
                0x000000000800164c                WWDG_IRQHandler
                0x000000000800164c                TIM2_IRQHandler
                0x000000000800164c                TIM1_BRK_IRQHandler
                0x000000000800164c                EXTI1_IRQHandler
                0x000000000800164c                USART2_IRQHandler
                0x000000000800164c                I2C2_ER_IRQHandler
                0x000000000800164c                DMA1_Channel2_IRQHandler
                0x000000000800164c                CAN1_SCE_IRQHandler
                0x000000000800164c                FLASH_IRQHandler
                0x000000000800164c                USART1_IRQHandler
                0x000000000800164c                I2C1_ER_IRQHandler
                0x000000000800164c                USBWakeUp_IRQHandler
 *fill*         0x000000000800164e        0x2 
 .text.HAL_Init
                0x0000000008001650       0x2c ./Drivers/STM32F1xx_HAL_Driver/Src/stm32f1xx_hal.o
                0x0000000008001650                HAL_Init
 .text.HAL_InitTick
                0x000000000800167c       0x60 ./Drivers/STM32F1xx_HAL_Driver/Src/stm32f1xx_hal.o
                0x000000000800167c                HAL_InitTick
 .text.HAL_GetTick
                0x00000000080016dc       0x14 ./Drivers/STM32F1xx_HAL_Driver/Src/stm32f1xx_hal.o
                0x00000000080016dc                HAL_GetTick
 .text.HAL_Delay
                0x00000000080016f0       0x48 ./Drivers/STM32F1xx_HAL_Driver/Src/stm32f1xx_hal.o
                0x00000000080016f0                HAL_Delay
 .text.__NVIC_SetPriorityGrouping
                0x0000000008001738       0x48 ./Drivers/STM32F1xx_HAL_Driver/Src/stm32f1xx_hal_cortex.o
 .text.__NVIC_GetPriorityGrouping
                0x0000000008001780       0x1c ./Drivers/STM32F1xx_HAL_Driver/Src/stm32f1xx_hal_cortex.o
 .text.__NVIC_SetPriority
                0x000000000800179c       0x54 ./Drivers/STM32F1xx_HAL_Driver/Src/stm32f1xx_hal_cortex.o
 .text.NVIC_EncodePriority
                0x00000000080017f0       0x64 ./Drivers/STM32F1xx_HAL_Driver/Src/stm32f1xx_hal_cortex.o
 .text.SysTick_Config
                0x0000000008001854       0x44 ./Drivers/STM32F1xx_HAL_Driver/Src/stm32f1xx_hal_cortex.o
 .text.HAL_NVIC_SetPriorityGrouping
                0x0000000008001898       0x16 ./Drivers/STM32F1xx_HAL_Driver/Src/stm32f1xx_hal_cortex.o
                0x0000000008001898                HAL_NVIC_SetPriorityGrouping
 .text.HAL_NVIC_SetPriority
                0x00000000080018ae       0x38 ./Drivers/STM32F1xx_HAL_Driver/Src/stm32f1xx_hal_cortex.o
                0x00000000080018ae                HAL_NVIC_SetPriority
 .text.HAL_SYSTICK_Config
                0x00000000080018e6       0x18 ./Drivers/STM32F1xx_HAL_Driver/Src/stm32f1xx_hal_cortex.o
                0x00000000080018e6                HAL_SYSTICK_Config
 *fill*         0x00000000080018fe        0x2 
 .text.HAL_GPIO_Init
                0x0000000008001900      0x308 ./Drivers/STM32F1xx_HAL_Driver/Src/stm32f1xx_hal_gpio.o
                0x0000000008001900                HAL_GPIO_Init
 .text.HAL_GPIO_ReadPin
                0x0000000008001c08       0x2e ./Drivers/STM32F1xx_HAL_Driver/Src/stm32f1xx_hal_gpio.o
                0x0000000008001c08                HAL_GPIO_ReadPin
 .text.HAL_GPIO_WritePin
                0x0000000008001c36       0x30 ./Drivers/STM32F1xx_HAL_Driver/Src/stm32f1xx_hal_gpio.o
                0x0000000008001c36                HAL_GPIO_WritePin
 *fill*         0x0000000008001c66        0x2 
 .text.HAL_I2C_Init
                0x0000000008001c68      0x288 ./Drivers/STM32F1xx_HAL_Driver/Src/stm32f1xx_hal_i2c.o
                0x0000000008001c68                HAL_I2C_Init
 .text.HAL_I2C_Master_Transmit
                0x0000000008001ef0      0x1fc ./Drivers/STM32F1xx_HAL_Driver/Src/stm32f1xx_hal_i2c.o
                0x0000000008001ef0                HAL_I2C_Master_Transmit
 .text.HAL_I2C_IsDeviceReady
                0x00000000080020ec      0x25c ./Drivers/STM32F1xx_HAL_Driver/Src/stm32f1xx_hal_i2c.o
                0x00000000080020ec                HAL_I2C_IsDeviceReady
 .text.I2C_MasterRequestWrite
                0x0000000008002348      0x104 ./Drivers/STM32F1xx_HAL_Driver/Src/stm32f1xx_hal_i2c.o
 .text.I2C_WaitOnFlagUntilTimeout
                0x000000000800244c       0xf4 ./Drivers/STM32F1xx_HAL_Driver/Src/stm32f1xx_hal_i2c.o
 .text.I2C_WaitOnMasterAddressFlagUntilTimeout
                0x0000000008002540      0x140 ./Drivers/STM32F1xx_HAL_Driver/Src/stm32f1xx_hal_i2c.o
 .text.I2C_WaitOnTXEFlagUntilTimeout
                0x0000000008002680       0x90 ./Drivers/STM32F1xx_HAL_Driver/Src/stm32f1xx_hal_i2c.o
 .text.I2C_WaitOnBTFFlagUntilTimeout
                0x0000000008002710       0x90 ./Drivers/STM32F1xx_HAL_Driver/Src/stm32f1xx_hal_i2c.o
 .text.I2C_IsAcknowledgeFailed
                0x00000000080027a0       0x5c ./Drivers/STM32F1xx_HAL_Driver/Src/stm32f1xx_hal_i2c.o
 .text.HAL_RCC_OscConfig
                0x00000000080027fc      0x504 ./Drivers/STM32F1xx_HAL_Driver/Src/stm32f1xx_hal_rcc.o
                0x00000000080027fc                HAL_RCC_OscConfig
 .text.HAL_RCC_ClockConfig
                0x0000000008002d00      0x1d4 ./Drivers/STM32F1xx_HAL_Driver/Src/stm32f1xx_hal_rcc.o
                0x0000000008002d00                HAL_RCC_ClockConfig
 .text.HAL_RCC_GetSysClockFreq
                0x0000000008002ed4       0xa8 ./Drivers/STM32F1xx_HAL_Driver/Src/stm32f1xx_hal_rcc.o
                0x0000000008002ed4                HAL_RCC_GetSysClockFreq
 .text.HAL_RCC_GetHCLKFreq
                0x0000000008002f7c       0x14 ./Drivers/STM32F1xx_HAL_Driver/Src/stm32f1xx_hal_rcc.o
                0x0000000008002f7c                HAL_RCC_GetHCLKFreq
 .text.HAL_RCC_GetPCLK1Freq
                0x0000000008002f90       0x28 ./Drivers/STM32F1xx_HAL_Driver/Src/stm32f1xx_hal_rcc.o
                0x0000000008002f90                HAL_RCC_GetPCLK1Freq
 .text.RCC_Delay
                0x0000000008002fb8       0x3c ./Drivers/STM32F1xx_HAL_Driver/Src/stm32f1xx_hal_rcc.o
 .text.HAL_SPI_Init
                0x0000000008002ff4      0x108 ./Drivers/STM32F1xx_HAL_Driver/Src/stm32f1xx_hal_spi.o
                0x0000000008002ff4                HAL_SPI_Init
 .text.HAL_SPI_TransmitReceive
                0x00000000080030fc      0x352 ./Drivers/STM32F1xx_HAL_Driver/Src/stm32f1xx_hal_spi.o
                0x00000000080030fc                HAL_SPI_TransmitReceive
 *fill*         0x000000000800344e        0x2 
 .text.SPI_WaitFlagStateUntilTimeout
                0x0000000008003450      0x110 ./Drivers/STM32F1xx_HAL_Driver/Src/stm32f1xx_hal_spi.o
 .text.SPI_EndRxTxTransaction
                0x0000000008003560       0x62 ./Drivers/STM32F1xx_HAL_Driver/Src/stm32f1xx_hal_spi.o
 .text.memset   0x00000000080035c2       0x10 E:/ST_IDE/STide/STM32CubeIDE_1.14.1/STM32CubeIDE/plugins/com.st.stm32cube.ide.mcu.externaltools.gnu-tools-for-stm32.11.3.rel1.win32_1.1.100.202309141235/tools/bin/../lib/gcc/arm-none-eabi/11.3.1/../../../../arm-none-eabi/lib/thumb/v7-m/nofp\libc_nano.a(libc_a-memset.o)
                0x00000000080035c2                memset
 *fill*         0x00000000080035d2        0x2 
 .text.__libc_init_array
                0x00000000080035d4       0x48 E:/ST_IDE/STide/STM32CubeIDE_1.14.1/STM32CubeIDE/plugins/com.st.stm32cube.ide.mcu.externaltools.gnu-tools-for-stm32.11.3.rel1.win32_1.1.100.202309141235/tools/bin/../lib/gcc/arm-none-eabi/11.3.1/../../../../arm-none-eabi/lib/thumb/v7-m/nofp\libc_nano.a(libc_a-init.o)
                0x00000000080035d4                __libc_init_array
 *(.glue_7)
 .glue_7        0x000000000800361c        0x0 linker stubs
 *(.glue_7t)
 .glue_7t       0x000000000800361c        0x0 linker stubs
 *(.eh_frame)
 .eh_frame      0x000000000800361c        0x0 E:/ST_IDE/STide/STM32CubeIDE_1.14.1/STM32CubeIDE/plugins/com.st.stm32cube.ide.mcu.externaltools.gnu-tools-for-stm32.11.3.rel1.win32_1.1.100.202309141235/tools/bin/../lib/gcc/arm-none-eabi/11.3.1/thumb/v7-m/nofp/crtbegin.o
 *(.init)
 .init          0x000000000800361c        0x4 E:/ST_IDE/STide/STM32CubeIDE_1.14.1/STM32CubeIDE/plugins/com.st.stm32cube.ide.mcu.externaltools.gnu-tools-for-stm32.11.3.rel1.win32_1.1.100.202309141235/tools/bin/../lib/gcc/arm-none-eabi/11.3.1/thumb/v7-m/nofp/crti.o
                0x000000000800361c                _init
 .init          0x0000000008003620        0x8 E:/ST_IDE/STide/STM32CubeIDE_1.14.1/STM32CubeIDE/plugins/com.st.stm32cube.ide.mcu.externaltools.gnu-tools-for-stm32.11.3.rel1.win32_1.1.100.202309141235/tools/bin/../lib/gcc/arm-none-eabi/11.3.1/thumb/v7-m/nofp/crtn.o
 *(.fini)
 .fini          0x0000000008003628        0x4 E:/ST_IDE/STide/STM32CubeIDE_1.14.1/STM32CubeIDE/plugins/com.st.stm32cube.ide.mcu.externaltools.gnu-tools-for-stm32.11.3.rel1.win32_1.1.100.202309141235/tools/bin/../lib/gcc/arm-none-eabi/11.3.1/thumb/v7-m/nofp/crti.o
                0x0000000008003628                _fini
 .fini          0x000000000800362c        0x8 E:/ST_IDE/STide/STM32CubeIDE_1.14.1/STM32CubeIDE/plugins/com.st.stm32cube.ide.mcu.externaltools.gnu-tools-for-stm32.11.3.rel1.win32_1.1.100.202309141235/tools/bin/../lib/gcc/arm-none-eabi/11.3.1/thumb/v7-m/nofp/crtn.o
                0x0000000008003634                . = ALIGN (0x4)
                0x0000000008003634                _etext = .

.vfp11_veneer   0x0000000008003634        0x0
 .vfp11_veneer  0x0000000008003634        0x0 linker stubs

.v4_bx          0x0000000008003634        0x0
 .v4_bx         0x0000000008003634        0x0 linker stubs

.iplt           0x0000000008003634        0x0
 .iplt          0x0000000008003634        0x0 E:/ST_IDE/STide/STM32CubeIDE_1.14.1/STM32CubeIDE/plugins/com.st.stm32cube.ide.mcu.externaltools.gnu-tools-for-stm32.11.3.rel1.win32_1.1.100.202309141235/tools/bin/../lib/gcc/arm-none-eabi/11.3.1/thumb/v7-m/nofp/crtbegin.o

.rodata         0x0000000008003634     0x10e8
                0x0000000008003634                . = ALIGN (0x4)
 *(.rodata)
 .rodata        0x0000000008003634       0x4f ./Core/Src/main.o
 *(.rodata*)
 *fill*         0x0000000008003683        0x1 
 .rodata.Font11x18
                0x0000000008003684      0xd5c ./Core/Src/fonts.o
                0x0000000008003684                Font11x18
 .rodata.LOGO_BW_map
                0x00000000080043e0      0x310 ./Core/Src/main.o
                0x00000000080043e0                LOGO_BW_map
 .rodata.AHBPrescTable
                0x00000000080046f0       0x10 ./Core/Src/system_stm32f1xx.o
                0x00000000080046f0                AHBPrescTable
 .rodata.APBPrescTable
                0x0000000008004700        0x8 ./Core/Src/system_stm32f1xx.o
                0x0000000008004700                APBPrescTable
 .rodata.aPLLMULFactorTable.1
                0x0000000008004708       0x10 ./Drivers/STM32F1xx_HAL_Driver/Src/stm32f1xx_hal_rcc.o
 .rodata.aPredivFactorTable.0
                0x0000000008004718        0x2 ./Drivers/STM32F1xx_HAL_Driver/Src/stm32f1xx_hal_rcc.o
                0x000000000800471c                . = ALIGN (0x4)
 *fill*         0x000000000800471a        0x2 

.rel.dyn        0x000000000800471c        0x0
 .rel.iplt      0x000000000800471c        0x0 E:/ST_IDE/STide/STM32CubeIDE_1.14.1/STM32CubeIDE/plugins/com.st.stm32cube.ide.mcu.externaltools.gnu-tools-for-stm32.11.3.rel1.win32_1.1.100.202309141235/tools/bin/../lib/gcc/arm-none-eabi/11.3.1/thumb/v7-m/nofp/crtbegin.o

.ARM.extab      0x000000000800471c        0x0
                0x000000000800471c                . = ALIGN (0x4)
 *(.ARM.extab* .gnu.linkonce.armextab.*)
                0x000000000800471c                . = ALIGN (0x4)

.ARM            0x000000000800471c        0x0
                0x000000000800471c                . = ALIGN (0x4)
                0x000000000800471c                __exidx_start = .
 *(.ARM.exidx*)
                0x000000000800471c                __exidx_end = .
                0x000000000800471c                . = ALIGN (0x4)

.preinit_array  0x000000000800471c        0x0
                0x000000000800471c                . = ALIGN (0x4)
                0x000000000800471c                PROVIDE (__preinit_array_start = .)
 *(.preinit_array*)
                0x000000000800471c                PROVIDE (__preinit_array_end = .)
                0x000000000800471c                . = ALIGN (0x4)

.init_array     0x000000000800471c        0x4
                0x000000000800471c                . = ALIGN (0x4)
                0x000000000800471c                PROVIDE (__init_array_start = .)
 *(SORT_BY_NAME(.init_array.*))
 *(.init_array*)
 .init_array    0x000000000800471c        0x4 E:/ST_IDE/STide/STM32CubeIDE_1.14.1/STM32CubeIDE/plugins/com.st.stm32cube.ide.mcu.externaltools.gnu-tools-for-stm32.11.3.rel1.win32_1.1.100.202309141235/tools/bin/../lib/gcc/arm-none-eabi/11.3.1/thumb/v7-m/nofp/crtbegin.o
                0x0000000008004720                PROVIDE (__init_array_end = .)
                0x0000000008004720                . = ALIGN (0x4)

.fini_array     0x0000000008004720        0x4
                0x0000000008004720                . = ALIGN (0x4)
                [!provide]                        PROVIDE (__fini_array_start = .)
 *(SORT_BY_NAME(.fini_array.*))
 *(.fini_array*)
 .fini_array    0x0000000008004720        0x4 E:/ST_IDE/STide/STM32CubeIDE_1.14.1/STM32CubeIDE/plugins/com.st.stm32cube.ide.mcu.externaltools.gnu-tools-for-stm32.11.3.rel1.win32_1.1.100.202309141235/tools/bin/../lib/gcc/arm-none-eabi/11.3.1/thumb/v7-m/nofp/crtbegin.o
                [!provide]                        PROVIDE (__fini_array_end = .)
                0x0000000008004724                . = ALIGN (0x4)
                0x0000000008004724                _sidata = LOADADDR (.data)

.data           0x0000000020000000       0x60 load address 0x0000000008004724
                0x0000000020000000                . = ALIGN (0x4)
                0x0000000020000000                _sdata = .
 *(.data)
 *(.data*)
 .data.Font_11x18
                0x0000000020000000        0x8 ./Core/Src/fonts.o
                0x0000000020000000                Font_11x18
 .data.keypad   0x0000000020000008       0x10 ./Core/Src/main.o
                0x0000000020000008                keypad
 .data.correctPassword
                0x0000000020000018        0x8 ./Core/Src/main.o
                0x0000000020000018                correctPassword
 .data.rowPorts
                0x0000000020000020       0x10 ./Core/Src/main.o
                0x0000000020000020                rowPorts
 .data.rowPins  0x0000000020000030        0x8 ./Core/Src/main.o
                0x0000000020000030                rowPins
 .data.colPorts
                0x0000000020000038       0x10 ./Core/Src/main.o
                0x0000000020000038                colPorts
 .data.colPins  0x0000000020000048        0x8 ./Core/Src/main.o
                0x0000000020000048                colPins
 .data.ChooseState
                0x0000000020000050        0x1 ./Core/Src/main.o
 *fill*         0x0000000020000051        0x3 
 .data.SystemCoreClock
                0x0000000020000054        0x4 ./Core/Src/system_stm32f1xx.o
                0x0000000020000054                SystemCoreClock
 .data.uwTickPrio
                0x0000000020000058        0x4 ./Drivers/STM32F1xx_HAL_Driver/Src/stm32f1xx_hal.o
                0x0000000020000058                uwTickPrio
 .data.uwTickFreq
                0x000000002000005c        0x1 ./Drivers/STM32F1xx_HAL_Driver/Src/stm32f1xx_hal.o
                0x000000002000005c                uwTickFreq
 *(.RamFunc)
 *(.RamFunc*)
                0x0000000020000060                . = ALIGN (0x4)
 *fill*         0x000000002000005d        0x3 
                0x0000000020000060                _edata = .

.igot.plt       0x0000000020000060        0x0 load address 0x0000000008004784
 .igot.plt      0x0000000020000060        0x0 E:/ST_IDE/STide/STM32CubeIDE_1.14.1/STM32CubeIDE/plugins/com.st.stm32cube.ide.mcu.externaltools.gnu-tools-for-stm32.11.3.rel1.win32_1.1.100.202309141235/tools/bin/../lib/gcc/arm-none-eabi/11.3.1/thumb/v7-m/nofp/crtbegin.o
                0x0000000020000060                . = ALIGN (0x4)

.bss            0x0000000020000060      0x504 load address 0x0000000008004784
                0x0000000020000060                _sbss = .
                0x0000000020000060                __bss_start__ = _sbss
 *(.bss)
 .bss           0x0000000020000060       0x1c E:/ST_IDE/STide/STM32CubeIDE_1.14.1/STM32CubeIDE/plugins/com.st.stm32cube.ide.mcu.externaltools.gnu-tools-for-stm32.11.3.rel1.win32_1.1.100.202309141235/tools/bin/../lib/gcc/arm-none-eabi/11.3.1/thumb/v7-m/nofp/crtbegin.o
 *(.bss*)
 .bss.SH1106_Buffer
                0x000000002000007c      0x400 ./Core/Src/SH1106.o
 .bss.SH1106    0x000000002000047c        0x6 ./Core/Src/SH1106.o
 *fill*         0x0000000020000482        0x2 
 .bss.hi2c1     0x0000000020000484       0x54 ./Core/Src/main.o
                0x0000000020000484                hi2c1
 .bss.hspi1     0x00000000200004d8       0x58 ./Core/Src/main.o
                0x00000000200004d8                hspi1
 .bss.status    0x0000000020000530        0x1 ./Core/Src/main.o
                0x0000000020000530                status
 *fill*         0x0000000020000531        0x3 
 .bss.str       0x0000000020000534       0x10 ./Core/Src/main.o
                0x0000000020000534                str
 .bss.sNum      0x0000000020000544        0x5 ./Core/Src/main.o
                0x0000000020000544                sNum
 *fill*         0x0000000020000549        0x3 
 .bss.systickCounter
                0x000000002000054c        0x4 ./Core/Src/main.o
                0x000000002000054c                systickCounter
 .bss.rfidDetected
                0x0000000020000550        0x1 ./Core/Src/main.o
                0x0000000020000550                rfidDetected
 .bss.key       0x0000000020000551        0x1 ./Core/Src/main.o
                0x0000000020000551                key
 *fill*         0x0000000020000552        0x2 
 .bss.enteredPassword
                0x0000000020000554        0x8 ./Core/Src/main.o
                0x0000000020000554                enteredPassword
 .bss.user      0x000000002000055c        0x4 ./Core/Src/main.o
                0x000000002000055c                user
 .bss.uwTick    0x0000000020000560        0x4 ./Drivers/STM32F1xx_HAL_Driver/Src/stm32f1xx_hal.o
                0x0000000020000560                uwTick
 *(COMMON)
                0x0000000020000564                . = ALIGN (0x4)
                0x0000000020000564                _ebss = .
                0x0000000020000564                __bss_end__ = _ebss

._user_heap_stack
                0x0000000020000564      0x604 load address 0x0000000008004784
                0x0000000020000568                . = ALIGN (0x8)
 *fill*         0x0000000020000564        0x4 
                [!provide]                        PROVIDE (end = .)
                0x0000000020000568                PROVIDE (_end = .)
                0x0000000020000768                . = (. + _Min_Heap_Size)
 *fill*         0x0000000020000568      0x200 
                0x0000000020000b68                . = (. + _Min_Stack_Size)
 *fill*         0x0000000020000768      0x400 
                0x0000000020000b68                . = ALIGN (0x8)

/DISCARD/
 libc.a(*)
 libm.a(*)
 libgcc.a(*)

.ARM.attributes
                0x0000000000000000       0x29
 *(.ARM.attributes)
 .ARM.attributes
                0x0000000000000000       0x1d E:/ST_IDE/STide/STM32CubeIDE_1.14.1/STM32CubeIDE/plugins/com.st.stm32cube.ide.mcu.externaltools.gnu-tools-for-stm32.11.3.rel1.win32_1.1.100.202309141235/tools/bin/../lib/gcc/arm-none-eabi/11.3.1/thumb/v7-m/nofp/crti.o
 .ARM.attributes
                0x000000000000001d       0x2d E:/ST_IDE/STide/STM32CubeIDE_1.14.1/STM32CubeIDE/plugins/com.st.stm32cube.ide.mcu.externaltools.gnu-tools-for-stm32.11.3.rel1.win32_1.1.100.202309141235/tools/bin/../lib/gcc/arm-none-eabi/11.3.1/thumb/v7-m/nofp/crtbegin.o
 .ARM.attributes
                0x000000000000004a       0x2d ./Core/Src/SH1106.o
 .ARM.attributes
                0x0000000000000077       0x2d ./Core/Src/fonts.o
 .ARM.attributes
                0x00000000000000a4       0x2d ./Core/Src/main.o
 .ARM.attributes
                0x00000000000000d1       0x2d ./Core/Src/rcc522.o
 .ARM.attributes
                0x00000000000000fe       0x2d ./Core/Src/stm32f1xx_hal_msp.o
 .ARM.attributes
                0x000000000000012b       0x2d ./Core/Src/stm32f1xx_it.o
 .ARM.attributes
                0x0000000000000158       0x2d ./Core/Src/system_stm32f1xx.o
 .ARM.attributes
                0x0000000000000185       0x21 ./Core/Startup/startup_stm32f103c8tx.o
 .ARM.attributes
                0x00000000000001a6       0x2d ./Drivers/STM32F1xx_HAL_Driver/Src/stm32f1xx_hal.o
 .ARM.attributes
                0x00000000000001d3       0x2d ./Drivers/STM32F1xx_HAL_Driver/Src/stm32f1xx_hal_cortex.o
 .ARM.attributes
                0x0000000000000200       0x2d ./Drivers/STM32F1xx_HAL_Driver/Src/stm32f1xx_hal_gpio.o
 .ARM.attributes
                0x000000000000022d       0x2d ./Drivers/STM32F1xx_HAL_Driver/Src/stm32f1xx_hal_i2c.o
 .ARM.attributes
                0x000000000000025a       0x2d ./Drivers/STM32F1xx_HAL_Driver/Src/stm32f1xx_hal_rcc.o
 .ARM.attributes
                0x0000000000000287       0x2d ./Drivers/STM32F1xx_HAL_Driver/Src/stm32f1xx_hal_spi.o
 .ARM.attributes
                0x00000000000002b4       0x2d E:/ST_IDE/STide/STM32CubeIDE_1.14.1/STM32CubeIDE/plugins/com.st.stm32cube.ide.mcu.externaltools.gnu-tools-for-stm32.11.3.rel1.win32_1.1.100.202309141235/tools/bin/../lib/gcc/arm-none-eabi/11.3.1/../../../../arm-none-eabi/lib/thumb/v7-m/nofp\libc_nano.a(libc_a-memset.o)
 .ARM.attributes
                0x00000000000002e1       0x2d E:/ST_IDE/STide/STM32CubeIDE_1.14.1/STM32CubeIDE/plugins/com.st.stm32cube.ide.mcu.externaltools.gnu-tools-for-stm32.11.3.rel1.win32_1.1.100.202309141235/tools/bin/../lib/gcc/arm-none-eabi/11.3.1/../../../../arm-none-eabi/lib/thumb/v7-m/nofp\libc_nano.a(libc_a-init.o)
 .ARM.attributes
                0x000000000000030e       0x1b E:/ST_IDE/STide/STM32CubeIDE_1.14.1/STM32CubeIDE/plugins/com.st.stm32cube.ide.mcu.externaltools.gnu-tools-for-stm32.11.3.rel1.win32_1.1.100.202309141235/tools/bin/../lib/gcc/arm-none-eabi/11.3.1/../../../../arm-none-eabi/lib/thumb/v7-m/nofp\libc_nano.a(libc_a-strcmp.o)
 .ARM.attributes
                0x0000000000000329       0x1d E:/ST_IDE/STide/STM32CubeIDE_1.14.1/STM32CubeIDE/plugins/com.st.stm32cube.ide.mcu.externaltools.gnu-tools-for-stm32.11.3.rel1.win32_1.1.100.202309141235/tools/bin/../lib/gcc/arm-none-eabi/11.3.1/thumb/v7-m/nofp/crtn.o
OUTPUT(SMART_LOCK.elf elf32-littlearm)
LOAD linker stubs
LOAD E:/ST_IDE/STide/STM32CubeIDE_1.14.1/STM32CubeIDE/plugins/com.st.stm32cube.ide.mcu.externaltools.gnu-tools-for-stm32.11.3.rel1.win32_1.1.100.202309141235/tools/bin/../lib/gcc/arm-none-eabi/11.3.1/../../../../arm-none-eabi/lib/thumb/v7-m/nofp\libc.a
LOAD E:/ST_IDE/STide/STM32CubeIDE_1.14.1/STM32CubeIDE/plugins/com.st.stm32cube.ide.mcu.externaltools.gnu-tools-for-stm32.11.3.rel1.win32_1.1.100.202309141235/tools/bin/../lib/gcc/arm-none-eabi/11.3.1/../../../../arm-none-eabi/lib/thumb/v7-m/nofp\libm.a
LOAD E:/ST_IDE/STide/STM32CubeIDE_1.14.1/STM32CubeIDE/plugins/com.st.stm32cube.ide.mcu.externaltools.gnu-tools-for-stm32.11.3.rel1.win32_1.1.100.202309141235/tools/bin/../lib/gcc/arm-none-eabi/11.3.1/thumb/v7-m/nofp\libgcc.a

.comment        0x0000000000000000       0x43
 .comment       0x0000000000000000       0x43 E:/ST_IDE/STide/STM32CubeIDE_1.14.1/STM32CubeIDE/plugins/com.st.stm32cube.ide.mcu.externaltools.gnu-tools-for-stm32.11.3.rel1.win32_1.1.100.202309141235/tools/bin/../lib/gcc/arm-none-eabi/11.3.1/thumb/v7-m/nofp/crtbegin.o
                                         0x44 (size before relaxing)
 .comment       0x0000000000000043       0x44 ./Core/Src/SH1106.o
 .comment       0x0000000000000043       0x44 ./Core/Src/fonts.o
 .comment       0x0000000000000043       0x44 ./Core/Src/main.o
 .comment       0x0000000000000043       0x44 ./Core/Src/rcc522.o
 .comment       0x0000000000000043       0x44 ./Core/Src/stm32f1xx_hal_msp.o
 .comment       0x0000000000000043       0x44 ./Core/Src/stm32f1xx_it.o
 .comment       0x0000000000000043       0x44 ./Core/Src/system_stm32f1xx.o
 .comment       0x0000000000000043       0x44 ./Drivers/STM32F1xx_HAL_Driver/Src/stm32f1xx_hal.o
 .comment       0x0000000000000043       0x44 ./Drivers/STM32F1xx_HAL_Driver/Src/stm32f1xx_hal_cortex.o
 .comment       0x0000000000000043       0x44 ./Drivers/STM32F1xx_HAL_Driver/Src/stm32f1xx_hal_gpio.o
 .comment       0x0000000000000043       0x44 ./Drivers/STM32F1xx_HAL_Driver/Src/stm32f1xx_hal_i2c.o
 .comment       0x0000000000000043       0x44 ./Drivers/STM32F1xx_HAL_Driver/Src/stm32f1xx_hal_rcc.o
 .comment       0x0000000000000043       0x44 ./Drivers/STM32F1xx_HAL_Driver/Src/stm32f1xx_hal_spi.o

.debug_info     0x0000000000000000     0x9649
 .debug_info    0x0000000000000000      0xf16 ./Core/Src/SH1106.o
 .debug_info    0x0000000000000f16      0x255 ./Core/Src/fonts.o
 .debug_info    0x000000000000116b     0x124b ./Core/Src/main.o
 .debug_info    0x00000000000023b6      0xbc4 ./Core/Src/rcc522.o
 .debug_info    0x0000000000002f7a      0xb36 ./Core/Src/stm32f1xx_hal_msp.o
 .debug_info    0x0000000000003ab0       0xf8 ./Core/Src/stm32f1xx_it.o
 .debug_info    0x0000000000003ba8      0x222 ./Core/Src/system_stm32f1xx.o
 .debug_info    0x0000000000003dca       0x23 ./Core/Startup/startup_stm32f103c8tx.o
 .debug_info    0x0000000000003ded      0x704 ./Drivers/STM32F1xx_HAL_Driver/Src/stm32f1xx_hal.o
 .debug_info    0x00000000000044f1      0xa87 ./Drivers/STM32F1xx_HAL_Driver/Src/stm32f1xx_hal_cortex.o
 .debug_info    0x0000000000004f78      0x5ab ./Drivers/STM32F1xx_HAL_Driver/Src/stm32f1xx_hal_gpio.o
 .debug_info    0x0000000000005523     0x2524 ./Drivers/STM32F1xx_HAL_Driver/Src/stm32f1xx_hal_i2c.o
 .debug_info    0x0000000000007a47      0x7d5 ./Drivers/STM32F1xx_HAL_Driver/Src/stm32f1xx_hal_rcc.o
 .debug_info    0x000000000000821c     0x142d ./Drivers/STM32F1xx_HAL_Driver/Src/stm32f1xx_hal_spi.o

.debug_abbrev   0x0000000000000000     0x1bab
 .debug_abbrev  0x0000000000000000      0x2a5 ./Core/Src/SH1106.o
 .debug_abbrev  0x00000000000002a5      0x11c ./Core/Src/fonts.o
 .debug_abbrev  0x00000000000003c1      0x370 ./Core/Src/main.o
 .debug_abbrev  0x0000000000000731      0x2a3 ./Core/Src/rcc522.o
 .debug_abbrev  0x00000000000009d4      0x1ac ./Core/Src/stm32f1xx_hal_msp.o
 .debug_abbrev  0x0000000000000b80       0x47 ./Core/Src/stm32f1xx_it.o
 .debug_abbrev  0x0000000000000bc7      0x13f ./Core/Src/system_stm32f1xx.o
 .debug_abbrev  0x0000000000000d06       0x12 ./Core/Startup/startup_stm32f103c8tx.o
 .debug_abbrev  0x0000000000000d18      0x201 ./Drivers/STM32F1xx_HAL_Driver/Src/stm32f1xx_hal.o
 .debug_abbrev  0x0000000000000f19      0x2f8 ./Drivers/STM32F1xx_HAL_Driver/Src/stm32f1xx_hal_cortex.o
 .debug_abbrev  0x0000000000001211      0x1ca ./Drivers/STM32F1xx_HAL_Driver/Src/stm32f1xx_hal_gpio.o
 .debug_abbrev  0x00000000000013db      0x2a3 ./Drivers/STM32F1xx_HAL_Driver/Src/stm32f1xx_hal_i2c.o
 .debug_abbrev  0x000000000000167e      0x2b3 ./Drivers/STM32F1xx_HAL_Driver/Src/stm32f1xx_hal_rcc.o
 .debug_abbrev  0x0000000000001931      0x27a ./Drivers/STM32F1xx_HAL_Driver/Src/stm32f1xx_hal_spi.o

.debug_aranges  0x0000000000000000      0xa30
 .debug_aranges
                0x0000000000000000       0xc8 ./Core/Src/SH1106.o
 .debug_aranges
                0x00000000000000c8       0x20 ./Core/Src/fonts.o
 .debug_aranges
                0x00000000000000e8       0x78 ./Core/Src/main.o
 .debug_aranges
                0x0000000000000160       0xa8 ./Core/Src/rcc522.o
 .debug_aranges
                0x0000000000000208       0x40 ./Core/Src/stm32f1xx_hal_msp.o
 .debug_aranges
                0x0000000000000248       0x58 ./Core/Src/stm32f1xx_it.o
 .debug_aranges
                0x00000000000002a0       0x28 ./Core/Src/system_stm32f1xx.o
 .debug_aranges
                0x00000000000002c8       0x28 ./Core/Startup/startup_stm32f103c8tx.o
 .debug_aranges
                0x00000000000002f0       0xe0 ./Drivers/STM32F1xx_HAL_Driver/Src/stm32f1xx_hal.o
 .debug_aranges
                0x00000000000003d0      0x100 ./Drivers/STM32F1xx_HAL_Driver/Src/stm32f1xx_hal_cortex.o
 .debug_aranges
                0x00000000000004d0       0x58 ./Drivers/STM32F1xx_HAL_Driver/Src/stm32f1xx_hal_gpio.o
 .debug_aranges
                0x0000000000000528      0x2a8 ./Drivers/STM32F1xx_HAL_Driver/Src/stm32f1xx_hal_i2c.o
 .debug_aranges
                0x00000000000007d0       0x90 ./Drivers/STM32F1xx_HAL_Driver/Src/stm32f1xx_hal_rcc.o
 .debug_aranges
                0x0000000000000860      0x1d0 ./Drivers/STM32F1xx_HAL_Driver/Src/stm32f1xx_hal_spi.o

.debug_rnglists
                0x0000000000000000      0x7d5
 .debug_rnglists
                0x0000000000000000       0x9c ./Core/Src/SH1106.o
 .debug_rnglists
                0x000000000000009c       0x13 ./Core/Src/fonts.o
 .debug_rnglists
                0x00000000000000af       0x59 ./Core/Src/main.o
 .debug_rnglists
                0x0000000000000108       0x7e ./Core/Src/rcc522.o
 .debug_rnglists
                0x0000000000000186       0x2c ./Core/Src/stm32f1xx_hal_msp.o
 .debug_rnglists
                0x00000000000001b2       0x3d ./Core/Src/stm32f1xx_it.o
 .debug_rnglists
                0x00000000000001ef       0x1a ./Core/Src/system_stm32f1xx.o
 .debug_rnglists
                0x0000000000000209       0x19 ./Core/Startup/startup_stm32f103c8tx.o
 .debug_rnglists
                0x0000000000000222       0xa3 ./Drivers/STM32F1xx_HAL_Driver/Src/stm32f1xx_hal.o
 .debug_rnglists
                0x00000000000002c5       0xbb ./Drivers/STM32F1xx_HAL_Driver/Src/stm32f1xx_hal_cortex.o
 .debug_rnglists
                0x0000000000000380       0x3f ./Drivers/STM32F1xx_HAL_Driver/Src/stm32f1xx_hal_gpio.o
 .debug_rnglists
                0x00000000000003bf      0x23c ./Drivers/STM32F1xx_HAL_Driver/Src/stm32f1xx_hal_i2c.o
 .debug_rnglists
                0x00000000000005fb       0x6c ./Drivers/STM32F1xx_HAL_Driver/Src/stm32f1xx_hal_rcc.o
 .debug_rnglists
                0x0000000000000667      0x16e ./Drivers/STM32F1xx_HAL_Driver/Src/stm32f1xx_hal_spi.o

.debug_macro    0x0000000000000000    0x1766d
 .debug_macro   0x0000000000000000      0x2e1 ./Core/Src/SH1106.o
 .debug_macro   0x00000000000002e1      0xa9c ./Core/Src/SH1106.o
 .debug_macro   0x0000000000000d7d      0x21b ./Core/Src/SH1106.o
 .debug_macro   0x0000000000000f98       0x2e ./Core/Src/SH1106.o
 .debug_macro   0x0000000000000fc6       0x22 ./Core/Src/SH1106.o
 .debug_macro   0x0000000000000fe8       0x22 ./Core/Src/SH1106.o
 .debug_macro   0x000000000000100a       0x8e ./Core/Src/SH1106.o
 .debug_macro   0x0000000000001098       0x51 ./Core/Src/SH1106.o
 .debug_macro   0x00000000000010e9      0x103 ./Core/Src/SH1106.o
 .debug_macro   0x00000000000011ec       0x6a ./Core/Src/SH1106.o
 .debug_macro   0x0000000000001256      0x1df ./Core/Src/SH1106.o
 .debug_macro   0x0000000000001435       0x1c ./Core/Src/SH1106.o
 .debug_macro   0x0000000000001451       0x22 ./Core/Src/SH1106.o
 .debug_macro   0x0000000000001473       0xbd ./Core/Src/SH1106.o
 .debug_macro   0x0000000000001530      0xd23 ./Core/Src/SH1106.o
 .debug_macro   0x0000000000002253     0xe09e ./Core/Src/SH1106.o
 .debug_macro   0x00000000000102f1       0x6d ./Core/Src/SH1106.o
 .debug_macro   0x000000000001035e     0x34a2 ./Core/Src/SH1106.o
 .debug_macro   0x0000000000013800      0x174 ./Core/Src/SH1106.o
 .debug_macro   0x0000000000013974       0x5c ./Core/Src/SH1106.o
 .debug_macro   0x00000000000139d0      0x5bc ./Core/Src/SH1106.o
 .debug_macro   0x0000000000013f8c      0x289 ./Core/Src/SH1106.o
 .debug_macro   0x0000000000014215      0x1cb ./Core/Src/SH1106.o
 .debug_macro   0x00000000000143e0      0x114 ./Core/Src/SH1106.o
 .debug_macro   0x00000000000144f4      0x1b2 ./Core/Src/SH1106.o
 .debug_macro   0x00000000000146a6       0x27 ./Core/Src/SH1106.o
 .debug_macro   0x00000000000146cd      0x136 ./Core/Src/SH1106.o
 .debug_macro   0x0000000000014803      0x1bc ./Core/Src/SH1106.o
 .debug_macro   0x00000000000149bf       0x34 ./Core/Src/SH1106.o
 .debug_macro   0x00000000000149f3       0x3c ./Core/Src/SH1106.o
 .debug_macro   0x0000000000014a2f       0x57 ./Core/Src/SH1106.o
 .debug_macro   0x0000000000014a86       0x87 ./Core/Src/SH1106.o
 .debug_macro   0x0000000000014b0d      0x240 ./Core/Src/SH1106.o
 .debug_macro   0x0000000000014d4d      0x287 ./Core/Src/SH1106.o
 .debug_macro   0x0000000000014fd4      0x140 ./Core/Src/SH1106.o
 .debug_macro   0x0000000000015114      0x217 ./Core/Src/SH1106.o
 .debug_macro   0x000000000001532b       0x83 ./Core/Src/SH1106.o
 .debug_macro   0x00000000000153ae       0x61 ./Core/Src/SH1106.o
 .debug_macro   0x000000000001540f       0x24 ./Core/Src/SH1106.o
 .debug_macro   0x0000000000015433       0x43 ./Core/Src/SH1106.o
 .debug_macro   0x0000000000015476       0x34 ./Core/Src/SH1106.o
 .debug_macro   0x00000000000154aa       0x16 ./Core/Src/SH1106.o
 .debug_macro   0x00000000000154c0       0x43 ./Core/Src/SH1106.o
 .debug_macro   0x0000000000015503       0x34 ./Core/Src/SH1106.o
 .debug_macro   0x0000000000015537       0x10 ./Core/Src/SH1106.o
 .debug_macro   0x0000000000015547       0x58 ./Core/Src/SH1106.o
 .debug_macro   0x000000000001559f       0x8e ./Core/Src/SH1106.o
 .debug_macro   0x000000000001562d       0x1c ./Core/Src/SH1106.o
 .debug_macro   0x0000000000015649      0x177 ./Core/Src/SH1106.o
 .debug_macro   0x00000000000157c0      0x369 ./Core/Src/SH1106.o
 .debug_macro   0x0000000000015b29       0x10 ./Core/Src/SH1106.o
 .debug_macro   0x0000000000015b39       0x35 ./Core/Src/SH1106.o
 .debug_macro   0x0000000000015b6e       0x20 ./Core/Src/SH1106.o
 .debug_macro   0x0000000000015b8e       0x16 ./Core/Src/SH1106.o
 .debug_macro   0x0000000000015ba4       0x16 ./Core/Src/SH1106.o
 .debug_macro   0x0000000000015bba       0x29 ./Core/Src/SH1106.o
 .debug_macro   0x0000000000015be3       0x1d ./Core/Src/SH1106.o
 .debug_macro   0x0000000000015c00      0x270 ./Core/Src/fonts.o
 .debug_macro   0x0000000000015e70      0x30c ./Core/Src/main.o
 .debug_macro   0x000000000001617c       0x1c ./Core/Src/main.o
 .debug_macro   0x0000000000016198       0x10 ./Core/Src/main.o
 .debug_macro   0x00000000000161a8       0x1c ./Core/Src/main.o
 .debug_macro   0x00000000000161c4       0x16 ./Core/Src/main.o
 .debug_macro   0x00000000000161da      0x147 ./Core/Src/main.o
 .debug_macro   0x0000000000016321      0x23e ./Core/Src/main.o
 .debug_macro   0x000000000001655f      0x1a1 ./Core/Src/rcc522.o
 .debug_macro   0x0000000000016700      0x1a2 ./Core/Src/stm32f1xx_hal_msp.o
 .debug_macro   0x00000000000168a2      0x1ac ./Core/Src/stm32f1xx_it.o
 .debug_macro   0x0000000000016a4e      0x198 ./Core/Src/system_stm32f1xx.o
 .debug_macro   0x0000000000016be6      0x1bc ./Drivers/STM32F1xx_HAL_Driver/Src/stm32f1xx_hal.o
 .debug_macro   0x0000000000016da2      0x198 ./Drivers/STM32F1xx_HAL_Driver/Src/stm32f1xx_hal_cortex.o
 .debug_macro   0x0000000000016f3a      0x203 ./Drivers/STM32F1xx_HAL_Driver/Src/stm32f1xx_hal_gpio.o
 .debug_macro   0x000000000001713d      0x1e6 ./Drivers/STM32F1xx_HAL_Driver/Src/stm32f1xx_hal_i2c.o
 .debug_macro   0x0000000000017323      0x1aa ./Drivers/STM32F1xx_HAL_Driver/Src/stm32f1xx_hal_rcc.o
 .debug_macro   0x00000000000174cd      0x1a0 ./Drivers/STM32F1xx_HAL_Driver/Src/stm32f1xx_hal_spi.o

.debug_line     0x0000000000000000     0xcef6
 .debug_line    0x0000000000000000     0x1040 ./Core/Src/SH1106.o
 .debug_line    0x0000000000001040      0x942 ./Core/Src/fonts.o
 .debug_line    0x0000000000001982      0xe38 ./Core/Src/main.o
 .debug_line    0x00000000000027ba      0xbdf ./Core/Src/rcc522.o
 .debug_line    0x0000000000003399      0x780 ./Core/Src/stm32f1xx_hal_msp.o
 .debug_line    0x0000000000003b19      0x78c ./Core/Src/stm32f1xx_it.o
 .debug_line    0x00000000000042a5      0x760 ./Core/Src/system_stm32f1xx.o
 .debug_line    0x0000000000004a05       0x78 ./Core/Startup/startup_stm32f103c8tx.o
 .debug_line    0x0000000000004a7d      0x98d ./Drivers/STM32F1xx_HAL_Driver/Src/stm32f1xx_hal.o
 .debug_line    0x000000000000540a      0xb75 ./Drivers/STM32F1xx_HAL_Driver/Src/stm32f1xx_hal_cortex.o
 .debug_line    0x0000000000005f7f      0xa26 ./Drivers/STM32F1xx_HAL_Driver/Src/stm32f1xx_hal_gpio.o
 .debug_line    0x00000000000069a5     0x3b34 ./Drivers/STM32F1xx_HAL_Driver/Src/stm32f1xx_hal_i2c.o
 .debug_line    0x000000000000a4d9      0xd96 ./Drivers/STM32F1xx_HAL_Driver/Src/stm32f1xx_hal_rcc.o
 .debug_line    0x000000000000b26f     0x1c87 ./Drivers/STM32F1xx_HAL_Driver/Src/stm32f1xx_hal_spi.o

.debug_str      0x0000000000000000    0x845cf
 .debug_str     0x0000000000000000    0x810a1 ./Core/Src/SH1106.o
                                      0x814a0 (size before relaxing)
 .debug_str     0x00000000000810a1       0x8b ./Core/Src/fonts.o
                                      0x80b7b (size before relaxing)
 .debug_str     0x000000000008112c     0x127b ./Core/Src/main.o
                                      0x82442 (size before relaxing)
 .debug_str     0x00000000000823a7      0x1da ./Core/Src/rcc522.o
                                      0x7e625 (size before relaxing)
 .debug_str     0x0000000000082581       0xb8 ./Core/Src/stm32f1xx_hal_msp.o
                                      0x7e0f7 (size before relaxing)
 .debug_str     0x0000000000082639       0xad ./Core/Src/stm32f1xx_it.o
                                      0x7d9fd (size before relaxing)
 .debug_str     0x00000000000826e6       0x6e ./Core/Src/system_stm32f1xx.o
                                      0x7da2f (size before relaxing)
 .debug_str     0x0000000000082754       0x34 ./Core/Startup/startup_stm32f103c8tx.o
                                         0x5b (size before relaxing)
 .debug_str     0x0000000000082788      0x5f1 ./Drivers/STM32F1xx_HAL_Driver/Src/stm32f1xx_hal.o
                                      0x7e162 (size before relaxing)
 .debug_str     0x0000000000082d79      0x2b5 ./Drivers/STM32F1xx_HAL_Driver/Src/stm32f1xx_hal_cortex.o
                                      0x7e0ae (size before relaxing)
 .debug_str     0x000000000008302e      0x2d5 ./Drivers/STM32F1xx_HAL_Driver/Src/stm32f1xx_hal_gpio.o
                                      0x7ddb5 (size before relaxing)
 .debug_str     0x0000000000083303      0xbac ./Drivers/STM32F1xx_HAL_Driver/Src/stm32f1xx_hal_i2c.o
                                      0x7eaf6 (size before relaxing)
 .debug_str     0x0000000000083eaf      0x209 ./Drivers/STM32F1xx_HAL_Driver/Src/stm32f1xx_hal_rcc.o
                                      0x7de5e (size before relaxing)
 .debug_str     0x00000000000840b8      0x517 ./Drivers/STM32F1xx_HAL_Driver/Src/stm32f1xx_hal_spi.o
                                      0x7e355 (size before relaxing)

.debug_frame    0x0000000000000000     0x2970
 .debug_frame   0x0000000000000000      0x340 ./Core/Src/SH1106.o
 .debug_frame   0x0000000000000340       0x38 ./Core/Src/fonts.o
 .debug_frame   0x0000000000000378      0x194 ./Core/Src/main.o
 .debug_frame   0x000000000000050c      0x288 ./Core/Src/rcc522.o
 .debug_frame   0x0000000000000794       0xc8 ./Core/Src/stm32f1xx_hal_msp.o
 .debug_frame   0x000000000000085c       0xe8 ./Core/Src/stm32f1xx_it.o
 .debug_frame   0x0000000000000944       0x58 ./Core/Src/system_stm32f1xx.o
 .debug_frame   0x000000000000099c      0x334 ./Drivers/STM32F1xx_HAL_Driver/Src/stm32f1xx_hal.o
 .debug_frame   0x0000000000000cd0      0x428 ./Drivers/STM32F1xx_HAL_Driver/Src/stm32f1xx_hal_cortex.o
 .debug_frame   0x00000000000010f8      0x14c ./Drivers/STM32F1xx_HAL_Driver/Src/stm32f1xx_hal_gpio.o
 .debug_frame   0x0000000000001244      0xc84 ./Drivers/STM32F1xx_HAL_Driver/Src/stm32f1xx_hal_i2c.o
 .debug_frame   0x0000000000001ec8      0x218 ./Drivers/STM32F1xx_HAL_Driver/Src/stm32f1xx_hal_rcc.o
 .debug_frame   0x00000000000020e0      0x824 ./Drivers/STM32F1xx_HAL_Driver/Src/stm32f1xx_hal_spi.o
 .debug_frame   0x0000000000002904       0x20 E:/ST_IDE/STide/STM32CubeIDE_1.14.1/STM32CubeIDE/plugins/com.st.stm32cube.ide.mcu.externaltools.gnu-tools-for-stm32.11.3.rel1.win32_1.1.100.202309141235/tools/bin/../lib/gcc/arm-none-eabi/11.3.1/../../../../arm-none-eabi/lib/thumb/v7-m/nofp\libc_nano.a(libc_a-memset.o)
 .debug_frame   0x0000000000002924       0x2c E:/ST_IDE/STide/STM32CubeIDE_1.14.1/STM32CubeIDE/plugins/com.st.stm32cube.ide.mcu.externaltools.gnu-tools-for-stm32.11.3.rel1.win32_1.1.100.202309141235/tools/bin/../lib/gcc/arm-none-eabi/11.3.1/../../../../arm-none-eabi/lib/thumb/v7-m/nofp\libc_nano.a(libc_a-init.o)
 .debug_frame   0x0000000000002950       0x20 E:/ST_IDE/STide/STM32CubeIDE_1.14.1/STM32CubeIDE/plugins/com.st.stm32cube.ide.mcu.externaltools.gnu-tools-for-stm32.11.3.rel1.win32_1.1.100.202309141235/tools/bin/../lib/gcc/arm-none-eabi/11.3.1/../../../../arm-none-eabi/lib/thumb/v7-m/nofp\libc_nano.a(libc_a-strcmp.o)

.debug_line_str
                0x0000000000000000       0x4f
 .debug_line_str
                0x0000000000000000       0x4f ./Core/Startup/startup_stm32f103c8tx.o
                                         0x67 (size before relaxing)
