../Core/Src/main.c:65:5:main	8	static
../Core/Src/main.c:112:6:CheckRFID	16	static
../Core/Src/main.c:124:6:SysTick_Init	16	static
../Core/Src/main.c:145:6:SysTick_Start	4	static
../Core/Src/main.c:153:6:SysTick_Handler	4	static
../Core/Src/main.c:168:6:ChooseStateMachineUpdate	16	static
../Core/Src/main.c:346:6:SystemClock_Config	72	static
../Core/Src/main.c:386:13:MX_I2C1_Init	8	static
../Core/Src/main.c:420:13:MX_SPI1_Init	8	static
../Core/Src/main.c:458:13:MX_GPIO_Init	40	static
../Core/Src/main.c:514:6:Keypad_Scan	24	static
../Core/Src/main.c:552:6:Error_Handler	4	static,ignoring_inline_asm
